2025-11-27 21:12:02,284 - root - ERROR - 应用程序错误: name 'AbstractSpider' is not defined
2025-11-27 21:16:44,212 - core.keyword_spider - INFO - 浏览器初始化成功
2025-11-27 21:16:44,213 - core.keyword_spider - INFO - 开始搜索: 内涝
2025-11-27 21:16:58,491 - core.keyword_spider - INFO - 第 1 页找到 50 个论文链接
2025-11-27 21:16:58,491 - core.keyword_spider - INFO - 获取到 20 篇论文链接
2025-11-27 21:16:58,491 - core.keyword_spider - INFO - 正在获取第 1 篇论文摘要: 基于海绵城市理念的景观设计研究——以池州湿地公园为例
2025-11-27 21:17:06,304 - core.keyword_spider - INFO - 正在获取第 2 篇论文摘要: 海绵城市建设下排水管网可靠性诊断指标体系构建研究
2025-11-27 21:17:06,431 - core.keyword_spider - ERROR - 获取摘要时发生错误: Message: unknown error: net::ERR_CONNECTION_RESET
  (Session info: chrome=142.0.7444.176)
Stacktrace:
Symbols not available. Dumping unresolved backtrace:
	0x7ff7f85fa235
	0x7ff7f8352630
	0x7ff7f80e16dd
	0x7ff7f80de228
	0x7ff7f80ceba9
	0x7ff7f80d09d7
	0x7ff7f80cf160
	0x7ff7f80ce917
	0x7ff7f80ce5db
	0x7ff7f80cc145
	0x7ff7f80cc9dc
	0x7ff7f80e59ea
	0x7ff7f818c8be
	0x7ff7f8162b0a
	0x7ff7f818baba
	0x7ff7f812b0ed
	0x7ff7f812bf63
	0x7ff7f8625d60
	0x7ff7f861fe8a
	0x7ff7f8641005
	0x7ff7f836d71e
	0x7ff7f8374e1f
	0x7ff7f835b7c4
	0x7ff7f835b97f
	0x7ff7f83418e8
	0x7ffa3ee7e8d7
	0x7ffa3fe6c53c

2025-11-27 21:17:08,496 - core.keyword_spider - INFO - 正在获取第 3 篇论文摘要: 指挥联络不间断  险情处置更高效
2025-11-27 21:17:14,693 - core.keyword_spider - INFO - 正在获取第 4 篇论文摘要: “海绵城市”理念在高层建筑综合体设计中的应用策略研究
2025-11-27 21:17:20,241 - core.keyword_spider - INFO - 正在获取第 5 篇论文摘要: 雨水管网健康评估综述
2025-11-27 21:17:26,889 - core.keyword_spider - INFO - 正在获取第 6 篇论文摘要: 从治标到治本的跨越
2025-11-27 21:17:32,804 - core.keyword_spider - INFO - 正在获取第 7 篇论文摘要: 山海之城如何更加安全更有韧性
2025-11-27 21:17:38,565 - core.keyword_spider - INFO - 正在获取第 8 篇论文摘要: 南方丘陵地区城市内涝风险评估关键影响因素分析——株洲市案例
2025-11-27 21:17:44,165 - core.keyword_spider - INFO - 正在获取第 9 篇论文摘要: 基于InfoWorks ICM模型的集美大道
2025-11-27 21:17:49,655 - core.keyword_spider - INFO - 正在获取第 10 篇论文摘要: 基于水动力学的数学模型在城市排水系统设计中的应用——以贵阳市花果园小区为例
2025-11-27 21:17:55,142 - core.keyword_spider - INFO - 正在获取第 11 篇论文摘要: 对山地丘陵城市系统化全域推进海绵城市建设实施方案编制的思考——浙江金华案例
2025-11-27 21:18:00,733 - core.keyword_spider - INFO - 正在获取第 12 篇论文摘要: 提升城市空间韧性和工程韧性
2025-11-27 21:18:06,543 - core.keyword_spider - INFO - 正在获取第 13 篇论文摘要: 雨污分流改造工程中的排水施工技术研究
2025-11-27 21:18:12,315 - core.keyword_spider - INFO - 正在获取第 14 篇论文摘要: 合力破除潮面村农田“水患”困局
2025-11-27 21:18:17,849 - core.keyword_spider - INFO - 正在获取第 15 篇论文摘要: 江津双福“智”水记
2025-11-27 21:18:23,506 - core.keyword_spider - INFO - 正在获取第 16 篇论文摘要: 盘锦市长历时暴雨雨型分型、识别及特征分析
2025-11-27 21:18:29,327 - core.keyword_spider - INFO - 正在获取第 17 篇论文摘要: 让城市“有弹性”“会呼吸”
2025-11-27 21:18:35,313 - core.keyword_spider - INFO - 正在获取第 18 篇论文摘要: 强降雨条件下城市排水管网水力模型优化研究
2025-11-27 21:18:41,125 - core.keyword_spider - INFO - 正在获取第 19 篇论文摘要: 面向洪涝遥感大数据分析的阵列数据库建模与多维分析算子设计
2025-11-27 21:18:47,139 - core.keyword_spider - INFO - 正在获取第 20 篇论文摘要: 城市地下管网更新改造中的智慧排水技术应用
2025-11-27 21:18:54,866 - core.keyword_spider - INFO - 浏览器已关闭
2025-11-27 21:21:58,784 - core.journal_spider - INFO - 期刊爬虫浏览器初始化成功
2025-11-27 21:22:03,900 - core.journal_spider - INFO - 正在检索期刊 ISSN: 0254-4156，年份范围: 2024-2024
2025-11-27 21:22:20,477 - core.journal_spider - INFO - 获取到期刊名称: 
2025-11-27 21:22:20,477 - core.journal_spider - INFO - 正在检索  2024 年的期刊链接
2025-11-27 21:22:23,657 - core.journal_spider - INFO - 第 1 期找到 13 个有效文章链接
2025-11-27 21:22:25,813 - core.journal_spider - INFO - 第 2 期找到 14 个有效文章链接
2025-11-27 21:22:28,012 - core.journal_spider - INFO - 第 3 期找到 14 个有效文章链接
2025-11-27 21:22:30,151 - core.journal_spider - INFO - 第 4 期找到 14 个有效文章链接
2025-11-27 21:22:32,290 - core.journal_spider - INFO - 第 5 期找到 13 个有效文章链接
2025-11-27 21:22:34,452 - core.journal_spider - INFO - 第 6 期找到 15 个有效文章链接
2025-11-27 21:22:36,644 - core.journal_spider - INFO - 第 7 期找到 14 个有效文章链接
2025-11-27 21:22:38,808 - core.journal_spider - INFO - 第 8 期找到 15 个有效文章链接
2025-11-27 21:22:40,946 - core.journal_spider - INFO - 第 9 期找到 14 个有效文章链接
2025-11-27 21:22:43,133 - core.journal_spider - INFO - 第 10 期找到 14 个有效文章链接
2025-11-27 21:22:45,281 - core.journal_spider - INFO - 第 11 期找到 13 个有效文章链接
2025-11-27 21:22:47,441 - core.journal_spider - INFO - 第 12 期找到 16 个有效文章链接
2025-11-27 21:22:48,532 - core.abstract_spider - INFO - 正在进行人类行为模拟(闲逛)...
2025-11-27 21:22:58,836 - core.abstract_spider - INFO - 开始处理 30 篇文章
2025-11-27 21:23:01,341 - core.abstract_spider - INFO - Article 1 Success: 基于深度学习的群组推荐方法研究...
2025-11-27 21:23:02,719 - core.abstract_spider - INFO - Article 2 Success: 多机器人协同围捕方法综述...
2025-11-27 21:23:04,294 - core.abstract_spider - INFO - Article 3 Success: 2024年度自动化学科国家自然...
2025-11-27 21:23:05,757 - core.abstract_spider - INFO - Article 4 Success: 状态相关衰落信道下异构工业物联...
2025-11-27 21:23:07,118 - core.abstract_spider - INFO - Article 5 Success: 基于偏好的原油移动路径多目标优...
2025-11-27 21:23:08,780 - core.abstract_spider - INFO - Article 6 Success: 性能约束下的四旋翼无人机协同吊...
2025-11-27 21:23:10,311 - core.abstract_spider - INFO - Article 7 Success: 基于动态视觉传感器的铝基盘片表...
2025-11-27 21:23:11,987 - core.abstract_spider - INFO - Article 8 Success: 基于深度强化学习的四向协同三维...
2025-11-27 21:23:13,637 - core.abstract_spider - INFO - Article 9 Success: 城市固废焚烧智能算法测试与验证...
2025-11-27 21:23:15,440 - core.abstract_spider - INFO - Article 10 Success: 基于多目标粒子群算法的城市固废...
2025-11-27 21:23:16,918 - core.abstract_spider - INFO - Article 11 Success: 基于滤波控制障碍函数的严格反馈...
2025-11-27 21:23:18,230 - core.abstract_spider - INFO - Article 12 Success: 基于模糊协同交互型观测器的柔性...
2025-11-27 21:23:19,485 - core.abstract_spider - INFO - Article 13 Success: DOS攻击下饱和脉冲多智能体系...
2025-11-27 21:23:21,195 - core.abstract_spider - INFO - Article 14 Success: 面向研究问题的深度学习事件抽取...
2025-11-27 21:23:23,064 - core.abstract_spider - INFO - Article 15 Success: 工业无线网络实时传输调度算法研...
2025-11-27 21:23:24,439 - core.abstract_spider - INFO - Article 16 Success: 一种基于信息熵迁移的文本检测模...
2025-11-27 21:23:25,918 - core.abstract_spider - INFO - Article 17 Success: 多层异质复杂网络系统的能控性...
2025-11-27 21:23:27,452 - core.abstract_spider - INFO - Article 18 Success: 基于决策变量时域变化特征分类的...
2025-11-27 21:23:29,490 - core.abstract_spider - INFO - Article 19 Success: 输入受限的挠性航天器全驱姿态饱...
2025-11-27 21:23:31,100 - core.abstract_spider - INFO - Article 20 Success: 基于注意力机制和循环域三元损失...
2025-11-27 21:23:32,820 - core.abstract_spider - INFO - Article 21 Success: 数字孪生驱动的长距离带式输送机...
2025-11-27 21:23:34,414 - core.abstract_spider - INFO - Article 22 Success: 融合目标定位与异构局部交互学习...
2025-11-27 21:23:36,536 - core.abstract_spider - INFO - Article 23 Success: 融合属性偏好和多阶交互信息的可...
2025-11-27 21:23:38,539 - core.abstract_spider - INFO - Article 24 Success: 基于深度强化学习的无人机虚拟管...
2025-11-27 21:23:40,378 - core.abstract_spider - INFO - Article 25 Success: 无人机使能的无线传感网总能耗优...
2025-11-27 21:23:42,041 - core.abstract_spider - INFO - Article 26 Success: 基于两阶段域泛化学习框架的轴承...
2025-11-27 21:23:43,456 - core.abstract_spider - INFO - Article 27 Success: 形式背景上近似推理生成决策蕴涵...
2025-11-27 21:23:44,925 - core.abstract_spider - INFO - Article 28 Success: 从规则驱动到群智涌现:多机器人...
2025-11-27 21:23:46,351 - core.abstract_spider - INFO - Article 29 Success: 针对模糊数据近似处理的阴影集研...
2025-11-27 21:23:48,151 - core.abstract_spider - INFO - Article 30 Success: 基于改进能量模型的主动域自适应...
2025-11-27 21:23:54,142 - core.journal_spider - INFO - 期刊爬虫浏览器已关闭
2025-11-28 12:56:38,925 - core.journal_spider - INFO - 期刊爬虫浏览器初始化成功
2025-11-28 12:56:43,866 - core.journal_spider - INFO - 正在检索期刊 ISSN: 0254-4164，年份范围: 2024-2024
2025-11-28 12:56:56,560 - core.journal_spider - INFO - 获取到期刊名称: 
2025-11-28 12:56:56,560 - core.journal_spider - INFO - 正在检索  2024 年的期刊链接
2025-11-28 12:56:59,772 - core.journal_spider - INFO - 第 1 期找到 11 个有效文章链接
2025-11-28 12:57:01,892 - core.journal_spider - INFO - 第 2 期找到 11 个有效文章链接
2025-11-28 12:57:04,006 - core.journal_spider - INFO - 第 3 期找到 12 个有效文章链接
2025-11-28 12:57:06,287 - core.journal_spider - INFO - 第 4 期找到 12 个有效文章链接
2025-11-28 12:57:08,525 - core.journal_spider - INFO - 第 5 期找到 12 个有效文章链接
2025-11-28 12:57:10,867 - core.journal_spider - INFO - 第 6 期找到 12 个有效文章链接
2025-11-28 12:57:13,146 - core.journal_spider - INFO - 第 7 期找到 12 个有效文章链接
2025-11-28 12:57:15,378 - core.journal_spider - INFO - 第 8 期找到 12 个有效文章链接
2025-11-28 12:57:17,517 - core.journal_spider - INFO - 第 9 期找到 12 个有效文章链接
2025-11-28 12:57:19,672 - core.journal_spider - INFO - 第 10 期找到 12 个有效文章链接
2025-11-28 12:57:21,995 - core.journal_spider - INFO - 第 11 期找到 12 个有效文章链接
2025-11-28 12:57:24,188 - core.journal_spider - INFO - 第 12 期找到 12 个有效文章链接
2025-11-28 12:57:25,392 - core.abstract_spider - INFO - 正在进行人类行为模拟(闲逛)...
2025-11-28 12:57:35,057 - core.abstract_spider - INFO - 开始处理 10 篇文章
2025-11-28 12:57:37,357 - core.abstract_spider - INFO - Article 1 Success: 在线社交网络中点阻塞策略下虚假...
2025-11-28 12:57:39,092 - core.abstract_spider - INFO - Article 2 Success: 面向不平衡短文本情感多分类的三...
2025-11-28 12:57:40,791 - core.abstract_spider - INFO - Article 3 Success: 基于Transformer的视...
2025-11-28 12:57:42,947 - core.abstract_spider - INFO - Article 4 Success: 基于Transformer的块...
2025-11-28 12:57:44,483 - core.abstract_spider - INFO - Article 5 Success: 多关键点约束与深度估计辅助的单...
2025-11-28 12:57:46,147 - core.abstract_spider - INFO - Article 6 Success: 人脸表情识别可解释性研究综述...
2025-11-28 12:57:47,963 - core.abstract_spider - INFO - Article 7 Success: 基于联邦增量学习的SDN环境下...
2025-11-28 12:57:50,037 - core.abstract_spider - INFO - Article 8 Success: CycleLLH：一种基于周期...
2025-11-28 12:57:51,395 - core.abstract_spider - INFO - Article 9 Success: 基于交换机迁移的控制平面饱和攻...
2025-11-28 12:57:53,067 - core.abstract_spider - INFO - Article 10 Success: 带优先级DAG实时任务图模型的...
2025-11-28 12:57:58,642 - core.journal_spider - INFO - 期刊爬虫浏览器已关闭
